
-----------------------------------------------------------------------
 Environment:
 REMOTE=k8s
 TARGET_BRANCH=master
 CHART_DIRS=stable incubator
 EXCLUDED_CHARTS=common
 CHART_REPOS=incubator=https://kubernetes-charts-incubator.storage.googleapis.com/
 TIMEOUT=600
 LINT_CONF=/Users/reinhard/dev/projects/unguiculus/chart-testing/etc/lintconf.yaml
 CHART_YAML_SCHEMA=/Users/reinhard/dev/projects/unguiculus/chart-testing/etc/chart_schema.yaml
 VALIDATE_MAINTAINERS=true
-----------------------------------------------------------------------

Charts to be installed and tested: incubator/jaeger incubator/keycloak stable/mongodb-replicaset stable/nginx-ingress
Initializing Helm client...
$HELM_HOME has been configured at /Users/reinhard/.helm.
Not installing Tiller due to 'client-only' flag having been set
Happy Helming!
"incubator" has been added to your repositories

-----------------------------------------------------------------------
 Processing chart 'incubator/jaeger'...
-----------------------------------------------------------------------

Validating chart 'incubator/jaeger'...
Checking chart 'incubator/jaeger' for a version bump...
Chart version on k8s/master : 0.3.13
New chart version:  0.3.14
0.3.14
Chart version ok. Version bumped.
Linting 'incubator/jaeger/Chart.yaml'...
Linting 'incubator/jaeger/values.yaml'...
Validating Chart.yaml
Validating /Users/reinhard/dev/projects/unguiculus/charts/incubator/jaeger/Chart.yaml...
Validation success! 👍
Validating maintainers
Verifying maintainer 'dvonthenen'...
Verifying maintainer 'mikelorant'...
Verifying maintainer 'pavelnikolov'...
Chart does not provide test values. Using defaults...
Linting chart 'incubator/jaeger'...
==> Linting incubator/jaeger
Lint OK

1 chart(s) linted, no failures
Building dependencies for chart 'incubator/jaeger'...
Hang tight while we grab the latest from your chart repositories...
...Unable to get an update from the "local" chart repository (http://127.0.0.1:8879/charts):
	Get http://127.0.0.1:8879/charts/index.yaml: dial tcp 127.0.0.1:8879: connect: connection refused
...Successfully got an update from the "brigade" chart repository
...Successfully got an update from the "incubator" chart repository
...Successfully got an update from the "plasma" chart repository
...Successfully got an update from the "stable" chart repository
Update Complete. ⎈Happy Helming!⎈
Saving 2 charts
Downloading cassandra from repo https://kubernetes-charts-incubator.storage.googleapis.com/
Downloading elasticsearch from repo https://kubernetes-charts-incubator.storage.googleapis.com/
Deleting outdated charts
Installing chart 'incubator/jaeger' into namespace 'buildid-5dk2wsz0ry2fjfh6'...
Chart does not provide test values. Using defaults...
Error: pods is forbidden: User "unguiculus@gmail.com" cannot list pods in the namespace "tiller": No policy matched.
Required "container.pods.list" permission.
Testing chart 'incubator/jaeger' in namespace 'buildid-5dk2wsz0ry2fjfh6'...
Error: pods is forbidden: User "unguiculus@gmail.com" cannot list pods in the namespace "tiller": No policy matched.
Required "container.pods.list" permission.
Flag --show-all has been deprecated, will be removed in an upcoming release
Error from server (Forbidden): pods is forbidden: User "unguiculus@gmail.com" cannot list pods in the namespace "buildid-5dk2wsz0ry2fjfh6": No policy matched.
Required "container.pods.list" permission.
Deleting release 'jaeger-5dk2wsz0ry2fjfh6'...
Error: pods is forbidden: User "unguiculus@gmail.com" cannot list pods in the namespace "tiller": No policy matched.
Required "container.pods.list" permission.
Deleting namespace 'buildid-5dk2wsz0ry2fjfh6'...
Error from server (Forbidden): namespaces "buildid-5dk2wsz0ry2fjfh6" is forbidden: User "unguiculus@gmail.com" cannot delete namespaces in the namespace "buildid-5dk2wsz0ry2fjfh6": No policy matched.
Required "container.namespaces.delete" permission.
Waiting for namespace 'buildid-5dk2wsz0ry2fjfh6' to terminate...
Namespace 'buildid-5dk2wsz0ry2fjfh6' terminated.
[31mERROR: Chart installation failed: incubator/jaeger
[39m
-----------------------------------------------------------------------
 Processing chart 'incubator/keycloak'...
-----------------------------------------------------------------------

Validating chart 'incubator/keycloak'...
Checking chart 'incubator/keycloak' for a version bump...
Chart version on k8s/master : 0.3.0
New chart version:  0.3.1
0.3.1
Chart version ok. Version bumped.
Linting 'incubator/keycloak/Chart.yaml'...
Linting 'incubator/keycloak/values.yaml'...
Validating Chart.yaml
Validating /Users/reinhard/dev/projects/unguiculus/charts/incubator/keycloak/Chart.yaml...
Validation success! 👍
Validating maintainers
Verifying maintainer 'nexeck'...
Verifying maintainer 'unguiculus'...
Chart does not provide test values. Using defaults...
Linting chart 'incubator/keycloak'...
==> Linting incubator/keycloak
Lint OK

1 chart(s) linted, no failures
Building dependencies for chart 'incubator/keycloak'...
Hang tight while we grab the latest from your chart repositories...
...Unable to get an update from the "local" chart repository (http://127.0.0.1:8879/charts):
	Get http://127.0.0.1:8879/charts/index.yaml: dial tcp 127.0.0.1:8879: connect: connection refused
...Successfully got an update from the "brigade" chart repository
...Successfully got an update from the "plasma" chart repository
...Successfully got an update from the "incubator" chart repository
...Successfully got an update from the "stable" chart repository
Update Complete. ⎈Happy Helming!⎈
Saving 1 charts
Downloading postgresql from repo https://kubernetes-charts.storage.googleapis.com/
Deleting outdated charts
Installing chart 'incubator/keycloak' into namespace 'buildid-eyxaq6ghhuyqk9so'...
Chart does not provide test values. Using defaults...
Error: pods is forbidden: User "unguiculus@gmail.com" cannot list pods in the namespace "tiller": No policy matched.
Required "container.pods.list" permission.
Testing chart 'incubator/keycloak' in namespace 'buildid-eyxaq6ghhuyqk9so'...
Error: pods is forbidden: User "unguiculus@gmail.com" cannot list pods in the namespace "tiller": No policy matched.
Required "container.pods.list" permission.
Flag --show-all has been deprecated, will be removed in an upcoming release
Error from server (Forbidden): pods is forbidden: User "unguiculus@gmail.com" cannot list pods in the namespace "buildid-eyxaq6ghhuyqk9so": No policy matched.
Required "container.pods.list" permission.
Deleting release 'keycloak-eyxaq6ghhuyqk9so'...
Error: pods is forbidden: User "unguiculus@gmail.com" cannot list pods in the namespace "tiller": No policy matched.
Required "container.pods.list" permission.
Deleting namespace 'buildid-eyxaq6ghhuyqk9so'...
Error from server (Forbidden): namespaces "buildid-eyxaq6ghhuyqk9so" is forbidden: User "unguiculus@gmail.com" cannot delete namespaces in the namespace "buildid-eyxaq6ghhuyqk9so": No policy matched.
Required "container.namespaces.delete" permission.
Waiting for namespace 'buildid-eyxaq6ghhuyqk9so' to terminate...
Namespace 'buildid-eyxaq6ghhuyqk9so' terminated.
[31mERROR: Chart installation failed: incubator/keycloak
[39m
-----------------------------------------------------------------------
 Processing chart 'stable/mongodb-replicaset'...
-----------------------------------------------------------------------

Validating chart 'stable/mongodb-replicaset'...
Checking chart 'stable/mongodb-replicaset' for a version bump...
Chart version on k8s/master : 3.3.1
New chart version:  3.3.2
3.3.2
Chart version ok. Version bumped.
Linting 'stable/mongodb-replicaset/Chart.yaml'...
Linting 'stable/mongodb-replicaset/values.yaml'...
Validating Chart.yaml
Validating /Users/reinhard/dev/projects/unguiculus/charts/stable/mongodb-replicaset/Chart.yaml...
Validation success! 👍
Validating maintainers
Verifying maintainer 'foxish'...
Verifying maintainer 'unguiculus'...
Chart does not provide test values. Using defaults...
Linting chart 'stable/mongodb-replicaset'...
==> Linting stable/mongodb-replicaset
Lint OK

1 chart(s) linted, no failures
Building dependencies for chart 'stable/mongodb-replicaset'...
No requirements found in stable/mongodb-replicaset/charts.
Installing chart 'stable/mongodb-replicaset' into namespace 'buildid-uhhelgdhkqa6cr01'...
Chart does not provide test values. Using defaults...
Error: pods is forbidden: User "unguiculus@gmail.com" cannot list pods in the namespace "tiller": No policy matched.
Required "container.pods.list" permission.
Testing chart 'stable/mongodb-replicaset' in namespace 'buildid-uhhelgdhkqa6cr01'...
Error: pods is forbidden: User "unguiculus@gmail.com" cannot list pods in the namespace "tiller": No policy matched.
Required "container.pods.list" permission.
Flag --show-all has been deprecated, will be removed in an upcoming release
Error from server (Forbidden): pods is forbidden: User "unguiculus@gmail.com" cannot list pods in the namespace "buildid-uhhelgdhkqa6cr01": No policy matched.
Required "container.pods.list" permission.
Deleting release 'mongodb-replicaset-uhhelgdhkqa6cr01'...
Error: pods is forbidden: User "unguiculus@gmail.com" cannot list pods in the namespace "tiller": No policy matched.
Required "container.pods.list" permission.
Deleting namespace 'buildid-uhhelgdhkqa6cr01'...
Error from server (Forbidden): namespaces "buildid-uhhelgdhkqa6cr01" is forbidden: User "unguiculus@gmail.com" cannot delete namespaces in the namespace "buildid-uhhelgdhkqa6cr01": No policy matched.
Required "container.namespaces.delete" permission.
Waiting for namespace 'buildid-uhhelgdhkqa6cr01' to terminate...
Namespace 'buildid-uhhelgdhkqa6cr01' terminated.
[31mERROR: Chart installation failed: stable/mongodb-replicaset
[39m
-----------------------------------------------------------------------
 Processing chart 'stable/nginx-ingress'...
-----------------------------------------------------------------------

Validating chart 'stable/nginx-ingress'...
Checking chart 'stable/nginx-ingress' for a version bump...
Chart version on k8s/master : 0.18.1
New chart version:  0.18.2
0.18.2
Chart version ok. Version bumped.
Linting 'stable/nginx-ingress/Chart.yaml'...
Linting 'stable/nginx-ingress/values.yaml'...
Validating Chart.yaml
Validating /Users/reinhard/dev/projects/unguiculus/charts/stable/nginx-ingress/Chart.yaml...
Validation success! 👍
Validating maintainers
Verifying maintainer 'jackzampolin'...
Verifying maintainer 'mgoodness'...
Verifying maintainer 'chancez'...
Chart does not provide test values. Using defaults...
Linting chart 'stable/nginx-ingress'...
==> Linting stable/nginx-ingress
Lint OK

1 chart(s) linted, no failures
Building dependencies for chart 'stable/nginx-ingress'...
No requirements found in stable/nginx-ingress/charts.
Installing chart 'stable/nginx-ingress' into namespace 'buildid-wq8cocjkxfdxotzh'...
Chart does not provide test values. Using defaults...
Error: pods is forbidden: User "unguiculus@gmail.com" cannot list pods in the namespace "tiller": No policy matched.
Required "container.pods.list" permission.
Testing chart 'stable/nginx-ingress' in namespace 'buildid-wq8cocjkxfdxotzh'...
Error: pods is forbidden: User "unguiculus@gmail.com" cannot list pods in the namespace "tiller": No policy matched.
Required "container.pods.list" permission.
Flag --show-all has been deprecated, will be removed in an upcoming release
Error from server (Forbidden): pods is forbidden: User "unguiculus@gmail.com" cannot list pods in the namespace "buildid-wq8cocjkxfdxotzh": No policy matched.
Required "container.pods.list" permission.
Deleting release 'nginx-ingress-wq8cocjkxfdxotzh'...
Error: pods is forbidden: User "unguiculus@gmail.com" cannot list pods in the namespace "tiller": No policy matched.
Required "container.pods.list" permission.
Deleting namespace 'buildid-wq8cocjkxfdxotzh'...
Error from server (Forbidden): namespaces "buildid-wq8cocjkxfdxotzh" is forbidden: User "unguiculus@gmail.com" cannot delete namespaces in the namespace "buildid-wq8cocjkxfdxotzh": No policy matched.
Required "container.namespaces.delete" permission.
Waiting for namespace 'buildid-wq8cocjkxfdxotzh' to terminate...
Namespace 'buildid-wq8cocjkxfdxotzh' terminated.
[31mERROR: Chart installation failed: stable/nginx-ingress
[39m[31mERROR: Script terminated with error(s).
[39m